
Directory '.' does not seem to be generated by Grapethor or root application directory.

Please 'cd' into application root diretory or use '--path' option.


